
> sarkari-dermatologist-frontend@0.1.0 build
> next build

   Γû▓ Next.js 14.1.4

   Creating an optimized production build ...
node.exe : Failed to 
compile.
At C:\Program 
Files\nodejs\npm.ps1:29 
char:3
+   & $NODE_EXE 
$NPM_CLI_JS $args
+   ~~~~~~~~~~~~~~~~~~~~~~
~~~~~~~
    + CategoryInfo        
      : NotSpecified: (F  
  ailed to compile.:Str   
 ing) [], RemoteExcept    
ion
    + FullyQualifiedError 
   Id : NativeCommandErr  
  or
 

./src/app/auth/doctor-logi
n/page.tsx
Module not found: Can't 
resolve '@/lib/supabase'

https://nextjs.org/docs/me
ssages/module-not-found

./src/components/features/
AvailabilityManager.tsx
Module not found: Can't 
resolve 
'@/lib/bookingService'

https://nextjs.org/docs/me
ssages/module-not-found

Import trace for 
requested module:
./src/app/doctor/availabil
ity/page.tsx


> Build failed because of 
webpack errors
