src/app/book/page.tsx(123,26): error TS2304: Cannot find name 'BookingCalendar'.
src/app/dashboard/page.tsx(93,36): error TS2339: Property 'avatar' does not exist on type '{ id: string; name: string; email: string; role: string; }'.
src/app/dashboard/page.tsx(94,48): error TS2339: Property 'avatar' does not exist on type '{ id: string; name: string; email: string; role: string; }'.
src/app/profile/page.tsx(65,20): error TS2554: Expected 0 arguments, but got 1.
src/app/profile/ProfileEditModal.tsx(32,17): error TS2322: Type 'string | number' is not assignable to type 'string'.
  Type 'number' is not assignable to type 'string'.
src/app/profile/ProfileEditModal.tsx(60,22): error TS2345: Argument of type '{ name: string; email: string; phone: string; age: string; gender: string; bloodGroup: string; avatar: string; }' is not assignable to parameter of type 'Partial<User>'.
  Types of property 'age' are incompatible.
    Type 'string' is not assignable to type 'number'.
src/components/features/AvailabilityManager.tsx(28,47): error TS2339: Property 'getDoctorSlots' does not exist on type '{ getAvailableSlots: (date: string) => Promise<Slot[]>; createAppointment: () => Promise<string>; getPatientAppointments: () => Promise<never[]>; getDoctorAppointments: () => Promise<...>; }'.
src/components/features/AvailabilityManager.tsx(60,34): error TS2339: Property 'addSlot' does not exist on type '{ getAvailableSlots: (date: string) => Promise<Slot[]>; createAppointment: () => Promise<string>; getPatientAppointments: () => Promise<never[]>; getDoctorAppointments: () => Promise<...>; }'.
src/components/features/AvailabilityManager.tsx(74,34): error TS2339: Property 'deleteSlot' does not exist on type '{ getAvailableSlots: (date: string) => Promise<Slot[]>; createAppointment: () => Promise<string>; getPatientAppointments: () => Promise<never[]>; getDoctorAppointments: () => Promise<...>; }'.
src/components/layout/AppLoader.tsx(7,22): error TS2339: Property 'initialized' does not exist on type '{ user: User | null; loading: boolean; isAuthenticated: boolean; updateUser: (updates: Partial<User>) => void; logout: () => void; }'.
